[{"title": "2018-07-08", "tags": "journal", "text": "Today i stayed at home to \"work\" but I wasn't very productive. I texted [[Peter|Peter Kravinski]]", "created": "2018-07-08", "country": "Norway", "locality": "Hell", "place": "who_knows", "latitude": "-76.626497494", "longitude": "40.0333332"}, {"title": "2018-07-12", "tags": "journal", "text": "Found a cat while running\n\n{{photos/5c4f204f6ea8cb4201744bc87f97a40c.jpeg}}", "created": "2018-07-12"}]